TID: [] [] [2026-08-17 15:54:30,929] []  INFO {org.ops4j.pax.logging.spi.support.EventAdminConfigurationNotifier} - Sending Event Admin notification (configuration successful) to org/ops4j/pax/logging/Configuration
TID: [] [] [2026-08-17 15:54:31,396] []  INFO {org.wso2.carbon.core.internal.CarbonCoreActivator} - Starting WSO2 Carbon...
TID: [] [] [2026-08-17 15:54:31,397] []  INFO {org.wso2.carbon.core.internal.CarbonCoreActivator} - Operating System : Linux 7.0.0-29-generic, amd64
TID: [] [] [2026-08-17 15:54:31,397] []  INFO {org.wso2.carbon.core.internal.CarbonCoreActivator} - Java Home        : /home/seyi-a/.jdks/jdk-21.0.12+8
TID: [] [] [2026-08-17 15:54:31,397] []  INFO {org.wso2.carbon.core.internal.CarbonCoreActivator} - Java Version     : 21.0.12
TID: [] [] [2026-08-17 15:54:31,398] []  INFO {org.wso2.carbon.core.internal.CarbonCoreActivator} - Java VM          : OpenJDK 64-Bit Server VM 21.0.12+8-LTS,Eclipse Adoptium
TID: [] [] [2026-08-17 15:54:31,398] []  INFO {org.wso2.carbon.core.internal.CarbonCoreActivator} - Carbon Home      : /home/seyi-a/DevFactory/wso2/wso2is-7.3.0
TID: [] [] [2026-08-17 15:54:31,398] []  INFO {org.wso2.carbon.core.internal.CarbonCoreActivator} - Java Temp Dir    : /home/seyi-a/DevFactory/wso2/wso2is-7.3.0/tmp
TID: [] [] [2026-08-17 15:54:31,398] []  INFO {org.wso2.carbon.core.internal.CarbonCoreActivator} - User             : seyi-a, en-US, Africa/Lagos
TID: [] [] [2026-08-17 15:54:35,951] []  WARN {org.apache.tomcat.util.net.SSLHostConfig} - The TLS 1.3 cipher suite [TLS_AES_128_GCM_SHA256] included in the TLS 1.2 and below ciphers list will be removed from the TLS 1.2 ciphers list and added to the end of the TLS 1.3 cipher suite list
TID: [] [] [2026-08-17 15:54:35,953] []  WARN {org.apache.tomcat.util.net.SSLHostConfig} - The TLS 1.3 cipher suite [TLS_AES_256_GCM_SHA384] included in the TLS 1.2 and below ciphers list will be removed from the TLS 1.2 ciphers list and added to the end of the TLS 1.3 cipher suite list
TID: [] [] [2026-08-17 15:54:35,954] []  WARN {org.apache.tomcat.util.net.SSLHostConfig} - The TLS 1.3 cipher suite [TLS_CHACHA20_POLY1305_SHA256] included in the TLS 1.2 and below ciphers list will be removed from the TLS 1.2 ciphers list and added to the end of the TLS 1.3 cipher suite list
TID: [] [] [2026-08-17 15:54:37,191] []  INFO {org.apache.jasper.servlet.TldScanner} - At least one JAR was scanned for TLDs yet contained no TLDs. Enable debug logging for this logger for a complete list of JARs that were scanned but no TLDs were found in them. Skipping unneeded JARs during scanning can improve startup time and JSP compilation time.
TID: [] [] [2026-08-17 15:54:41,599] []  INFO {org.wso2.carbon.core.init.CarbonServerManager} - Repository       : /home/seyi-a/DevFactory/wso2/wso2is-7.3.0/repository/deployment/server/
TID: [] [] [2026-08-17 15:54:41,635] []  INFO {org.wso2.carbon.core.multitenancy.eager.TenantLoadingConfig} - Using tenant lazy loading policy...
TID: [] [] [2026-08-17 15:54:41,651] []  INFO {org.wso2.carbon.core.internal.permission.update.PermissionUpdater} - Permission cache updated for tenant -1234
TID: [] [] [2026-08-17 15:54:45,021] []  WARN {org.wso2.carbon.identity.auth.service.internal.AuthenticationServiceComponent} - 

##################################  ALERT  ##################################
[WARNING]: Internal authentication is utilizing default credentials,
which may expose the environment to potential security risks.
If this is a production environment, change the credentials immediately.
#############################################################################

TID: [] [] [2026-08-17 15:54:49,447] []  INFO {org.wso2.carbon.identity.application.authentication.framework.store.SessionDataStore} - Thread pool size for temporary authentication context data delete task: 20
TID: [] [] [2026-08-17 15:54:49,694] []  INFO {org.opensaml.core.config.InitializationService} - Initializing OpenSAML using the Java Services API
TID: [] [] [2026-08-17 15:54:51,785] []  INFO {org.wso2.carbon.user.core.common.UserStoreDeploymentManager} - Realm configuration of tenant:-1234  modified with /home/seyi-a/DevFactory/wso2/wso2is-7.3.0/repository/deployment/server/userstores/AGENT.xml
TID: [] [] [2026-08-17 15:54:54,876] []  INFO {org.hibernate.validator.internal.util.Version} - HV000001: Hibernate Validator 6.2.5.Final
TID: [] [] [2026-08-17 15:55:01,678] []  INFO {org.wso2.carbon.core.transports.http.HttpTransportListener} - HTTP port        : 9763
TID: [] [] [2026-08-17 15:55:01,680] []  INFO {org.wso2.carbon.core.transports.http.HttpsTransportListener} - HTTPS port       : 9443
TID: [] [] [2026-08-17 15:55:01,924] []  INFO {org.apache.tomcat.util.net.NioEndpoint.certificate} - Connector [https-jsse-nio-9443], TLS virtual host [_default_], certificate type [UNDEFINED] configured from keystore [/home/seyi-a/DevFactory/wso2/wso2is-7.3.0/repository/resources/security/wso2carbon.p12] using alias [wso2carbon] with trust store [/home/seyi-a/DevFactory/wso2/wso2is-7.3.0/repository/resources/security/client-truststore.p12]
TID: [] [] [2026-08-17 15:55:01,968] []  INFO {org.wso2.identity.apps.common.internal.AppsCommonServiceStartupObserver} - My Account URL : https://wso2.local:9443/myaccount
TID: [] [] [2026-08-17 15:55:01,969] []  INFO {org.wso2.identity.apps.common.internal.AppsCommonServiceStartupObserver} - Console URL : https://wso2.local:9443/console
TID: [] [] [2026-08-17 15:55:01,969] []  INFO {org.wso2.carbon.core.internal.StartupFinalizerServiceComponent} - Server           :  WSO2 Identity Server-7.3.0
TID: [] [] [2026-08-17 15:55:01,970] []  INFO {org.wso2.carbon.core.internal.StartupFinalizerServiceComponent} - WSO2 Carbon started in 41 sec
TID: [] [] [2026-08-17 15:55:01,985] []  INFO {org.wso2.carbon.healthcheck.api.core.internal.HealthMonitorServiceComponent} - Carbon health monitoring service is activated..
TID: [] [] [2026-08-17 15:58:36,197] []  WARN {org.wso2.carbon.usage.data.receiver.core.a.a} - No subscription file found matching pattern 'subscription-*.json' in directory: /home/seyi-a/DevFactory/wso2/wso2is-7.3.0. Please place a subscription file at this location to enable usage data collection.
TID: [] [] [2026-08-17 15:58:36,301] []  WARN {org.wso2.carbon.usage.data.receiver.core.util.DatabaseAvailabilityChecker} - Required table 'USAGE_COUNT' does not exist in the database. Usage data collection will be disabled until tables are created.
TID: [] [] [2026-08-17 17:23:41,626] []  INFO {org.wso2.carbon.core.init.CarbonServerManager} - Shutdown hook triggered....
TID: [] [] [2026-08-17 17:23:41,667] []  INFO {org.wso2.carbon.core.init.CarbonServerManager} - Gracefully shutting down WSO2 Identity Server...
TID: [] [] [2026-08-17 17:23:41,675] []  INFO {org.wso2.carbon.core.ServerManagement} - Starting to switch to maintenance mode...
TID: [] [] [2026-08-17 17:23:41,686] []  INFO {org.wso2.carbon.core.ServerManagement} - Stopped all transport listeners
TID: [] [] [2026-08-17 17:23:41,687] []  INFO {org.wso2.carbon.core.ServerManagement} - Waiting for request service completion...
TID: [] [] [2026-08-17 17:23:41,701] []  INFO {org.wso2.carbon.core.ServerManagement} - All requests have been served.
TID: [] [] [2026-08-17 17:23:41,702] []  INFO {org.wso2.carbon.core.ServerManagement} - Waiting for deployment completion...
TID: [] [] [2026-08-17 17:23:41,967] []  INFO {org.wso2.carbon.webapp.mgt.WebApplication} - Unloaded webapp: StandardEngine[Catalina].StandardHost[localhost].StandardContext[/mexut]
TID: [] [] [2026-08-17 17:23:42,003] []  INFO {org.wso2.carbon.webapp.mgt.WebApplication} - Unloaded webapp: StandardEngine[Catalina].StandardHost[localhost].StandardContext[/oauth2]
TID: [] [] [2026-08-17 17:23:42,073] []  INFO {org.wso2.carbon.webapp.mgt.WebApplication} - Unloaded webapp: StandardEngine[Catalina].StandardHost[localhost].StandardContext[/api/health-check/v1.0]
TID: [] [] [2026-08-17 17:23:42,173] []  INFO {org.wso2.carbon.webapp.mgt.WebApplication} - Unloaded webapp: StandardEngine[Catalina].StandardHost[localhost].StandardContext[/authenticationendpoint]
TID: [] [] [2026-08-17 17:23:42,197] []  INFO {org.wso2.carbon.webapp.mgt.WebApplication} - Unloaded webapp: StandardEngine[Catalina].StandardHost[localhost].StandardContext[/console]
TID: [] [] [2026-08-17 17:23:42,217] []  INFO {org.wso2.carbon.webapp.mgt.WebApplication} - Unloaded webapp: StandardEngine[Catalina].StandardHost[localhost].StandardContext[/oid4vci]
TID: [] [] [2026-08-17 17:23:42,243] []  INFO {org.wso2.carbon.webapp.mgt.WebApplication} - Unloaded webapp: StandardEngine[Catalina].StandardHost[localhost].StandardContext[/accountrecoveryendpoint]
TID: [] [] [2026-08-17 17:23:42,256] []  INFO {org.wso2.carbon.webapp.mgt.WebApplication} - Unloaded webapp: StandardEngine[Catalina].StandardHost[localhost].StandardContext[/mex]
TID: [] [] [2026-08-17 17:23:42,284] []  INFO {org.wso2.carbon.webapp.mgt.WebApplication} - Unloaded webapp: StandardEngine[Catalina].StandardHost[localhost].StandardContext[/scim2]
TID: [] [] [2026-08-17 17:23:42,294] []  INFO {org.wso2.carbon.webapp.mgt.WebApplication} - Unloaded webapp: StandardEngine[Catalina].StandardHost[localhost].StandardContext[/x509certificateauthenticationendpoint]
TID: [] [] [2026-08-17 17:23:42,312] []  INFO {org.wso2.carbon.webapp.mgt.WebApplication} - Unloaded webapp: StandardEngine[Catalina].StandardHost[localhost].StandardContext[/api]
TID: [] [] [2026-08-17 17:23:42,317] []  INFO {org.wso2.carbon.webapp.mgt.WebApplication} - Unloaded webapp: StandardEngine[Catalina].StandardHost[localhost].StandardContext[/wso2]
TID: [] [] [2026-08-17 17:23:42,322] []  INFO {org.wso2.carbon.webapp.mgt.WebApplication} - Unloaded webapp: StandardEngine[Catalina].StandardHost[localhost].StandardContext[/myaccount]
TID: [] [] [2026-08-17 17:23:42,327] []  INFO {org.wso2.carbon.webapp.mgt.WebApplication} - Unloaded webapp: StandardEngine[Catalina].StandardHost[localhost].StandardContext[/accounts]
TID: [] [] [2026-08-17 17:23:42,327] []  INFO {org.wso2.carbon.core.ServerManagement} - All deployment tasks have been completed.
TID: [] [] [2026-08-17 17:23:42,328] []  INFO {org.wso2.carbon.core.ServerManagement} - Waiting for server task completion...
TID: [] [] [2026-08-17 17:23:42,329] []  INFO {org.wso2.carbon.core.ServerManagement} - All server tasks have been completed.
TID: [] [] [2026-08-17 17:23:42,330] []  INFO {org.wso2.carbon.core.init.CarbonServerManager} - Shutting down WSO2 Identity Server...
TID: [] [] [2026-08-17 17:23:42,330] []  INFO {org.wso2.carbon.core.init.CarbonServerManager} - Shutting down OSGi framework...
TID: [] [] [2026-08-17 17:23:42,436] []  INFO {org.wso2.carbon.core.init.CarbonServerManager} - Stopping CarbonServerManager...
TID: [] [] [2026-08-17 17:23:42,712] []  INFO {org.wso2.carbon.tomcat.ext.internal.CarbonTomcatServiceComponent} - Stopping the carbon web-app registered under : /
TID: [-1234] [] [2026-08-17 17:23:47,245]  INFO {org.wso2.carbon.core.init.CarbonServerManager} - Shutdown complete 
TID: [-1234] [] [2026-08-17 17:23:47,246]  INFO {org.wso2.carbon.core.init.CarbonServerManager} - Halting JVM 
